// Jest Snapshot v1, https://goo.gl/fbAQLP

exports[`Portfolio modal empty portfolio 1`] = `
<div
  data-testid="portfolio-modal"
>
  <div
    class="reusableModal"
    data-testid="space-around-modal"
  >
    <div
      class="reusableModal__content"
    >
      <div
        class="portfolio__empty-portfolio"
      >
        You don't have currency
      </div>
      <div
        class="reusableModal__close"
      >
        X
      </div>
    </div>
  </div>
</div>
`;

exports[`Portfolio modal not empty portfolio 1`] = `
<div
  data-testid="portfolio-modal"
>
  <div
    class="reusableModal"
    data-testid="space-around-modal"
  >
    <div
      class="reusableModal__content"
    >
      <div
        class="portfolio"
      >
        <div
          class="portfolio__price"
        >
          Current price: 
          947199.19 USD 
          <span
            style="color: rgb(10, 189, 10);"
          >
            867199.19
             $ (
            0.9155
             %)
          </span>
        </div>
        <div
          class="portfolio__value"
          data-testid="portfolio-elem"
        >
          <div
            class="portfolio__name portfolio__element"
          >
            Bitcoin
          </div>
          <div
            class="portfolio__amount portfolio__element"
          >
            20
          </div>
          <div
            class="portfolio__price-usd portfolio__element"
          >
            40000.00
             $
          </div>
          <div
            class="portfolio__delete-button"
          >
            -
          </div>
        </div>
        <div
          class="portfolio__value"
          data-testid="portfolio-elem"
        >
          <div
            class="portfolio__name portfolio__element"
          >
            Ethereum
          </div>
          <div
            class="portfolio__amount portfolio__element"
          >
            20
          </div>
          <div
            class="portfolio__price-usd portfolio__element"
          >
            40000.00
             $
          </div>
          <div
            class="portfolio__delete-button"
          >
            -
          </div>
        </div>
        <div
          style="height: 390px; display: flex; align-items: flex-end; justify-content: center;"
        >
          <svg
            height="250"
            style="overflow: visible;"
            width="250"
          >
            <path
              d="M7.654042494670958e-15,-125A125,125,0,1,1,7.654042494670958e-15,125L0,0Z"
              fill="#66c2a5"
              stroke="white"
            />
            <path
              d="M7.654042494670958e-15,125A125,125,0,1,1,-2.2962127484012872e-14,-125L0,0Z"
              fill="#66c2a5"
              stroke="white"
            />
            <text
              style="text-anchor: middle;"
              transform="translate(62.5,0)"
            >
              Bitcoin
            </text>
            <text
              style="text-anchor: middle;"
              transform="translate(-62.5,7.654042494670958e-15)"
            >
              Ethereum
            </text>
          </svg>
        </div>
      </div>
      <div
        class="reusableModal__close"
      >
        X
      </div>
    </div>
  </div>
</div>
`;
